main report = completed=true bytes=51200 errors=0 lost=0 streams=1 replaced=false tracks=1 cue=Some(119.25)
main file = 56373 bytes sha256:7fd7d4022b35ec86be2ce37fab56f49f
again-refused refused = E9084
replace-title1 report = completed=true bytes=51200 errors=0 lost=0 streams=1 replaced=true tracks=1 cue=Some(119.25)
replace-title1 file = 56373 bytes sha256:7fd7d4022b35ec86be2ce37fab56f49f
bad-title refused = E6005
