keyed outcome = Ok { titles_written: 2 }
keyed t0.mkv = 56371 bytes sha256:98a50c05e8cb10434178212ee4589df4
keyed t1.mkv = 56371 bytes sha256:503f1d8fb6c9d38c5d459c9ffaec7f77
keyed-raw outcome = Failed { title_index: 0, code: Some(6008), kind: InvalidData, data: "" }
keyed-raw t0.mkv = absent
keyed-raw t1.mkv = absent
keyed-title1 outcome = Ok { titles_written: 1 }
keyed-title1 t1.mkv = 56371 bytes sha256:503f1d8fb6c9d38c5d459c9ffaec7f77
keyed-no-audio outcome = Failed { title_index: 0, code: Some(6008), kind: InvalidData, data: "" }
keyed-no-audio t0.mkv = absent
one-key-held open refused = E7022
no-key-held open refused = E7022
clear outcome = Ok { titles_written: 2 }
clear t0.mkv = 56371 bytes sha256:98a50c05e8cb10434178212ee4589df4
clear t1.mkv = 56371 bytes sha256:503f1d8fb6c9d38c5d459c9ffaec7f77
damaged outcome = Ok { titles_written: 2 }
damaged t0.mkv = 56371 bytes sha256:98a50c05e8cb10434178212ee4589df4
damaged t1.mkv = 39634 bytes sha256:6f26da61e0e734536106fcb9c33d2622
