main report = completed=true bytes=51200 errors=0 lost=0 streams=1 replaced=false tracks=1 cue=Some(119.25)
main file = 56371 bytes sha256:98a50c05e8cb10434178212ee4589df4
again-refused refused = E9084
replace-title1 report = completed=true bytes=51200 errors=0 lost=0 streams=1 replaced=true tracks=1 cue=Some(119.25)
replace-title1 file = 56371 bytes sha256:503f1d8fb6c9d38c5d459c9ffaec7f77
bad-title refused = E6005
